// Jest Snapshot v1, https://goo.gl/fbAQLP

exports[` matches snapshot 1`] = `
<div
  class="h-screen z-40 shadow w-full backdrop-blur-sm absolute flex flex-col items-center"
  data-testid="how-to-play"
>
  <div
    class="rounded mx-2 mt-24 p-4 pb-8 md:mx-24 lg:mx-60 shadow-md border flex flex-col  bg-white text-zinc-700 dark:bg-zinc-900 dark:text-zinc-300 dark:border dark:border-zinc-800"
  >
    <div
      class="flex flex-row w-full justify-between items-center"
    >
      <h1
        class="text-2xl font-bold "
      >
        How to Play 
      </h1>
      <button
        class="hover:bg-gray-100 active:bg-gray-200 text-2xl m-2 w-10 h-10 rounded-full flex items-center justify-center"
        data-testid="close-btn"
      >
        <svg
          fill="currentColor"
          height="1em"
          stroke="currentColor"
          stroke-width="0"
          viewBox="0 0 1024 1024"
          width="1em"
          xmlns="http://www.w3.org/2000/svg"
        >
          <path
            d="M563.8 512l262.5-312.9c4.4-5.2.7-13.1-6.1-13.1h-79.8c-4.7 0-9.2 2.1-12.3 5.7L511.6 449.8 295.1 191.7c-3-3.6-7.5-5.7-12.3-5.7H203c-6.8 0-10.5 7.9-6.1 13.1L459.4 512 196.9 824.9A7.95 7.95 0 0 0 203 838h79.8c4.7 0 9.2-2.1 12.3-5.7l216.5-258.1 216.5 258.1c3 3.6 7.5 5.7 12.3 5.7h79.8c6.8 0 10.5-7.9 6.1-13.1L563.8 512z"
          />
        </svg>
      </button>
    </div>
    <p
      class="text-lg  "
    >
      Create words using letters from the hive.
    </p>
    <div
      data-testid="rules-section"
    >
      <h2
        class="text-xl font-semibold"
      >
        Rules
      </h2>
      <div
        class="px-2 pb-2"
      >
        <p>
          • Words must use the center letter and be at least 4 letters long.
        </p>
        <p>
          • You can use letters more than once (e.g. 
          <i>
            aardvark
          </i>
          ).
        </p>
      </div>
    </div>
    <div
      data-testid="scoring-section"
    >
      <h2
        class="text-xl font-semibold"
      >
        Scoring
      </h2>
      <div
        class="px-2"
      >
        <p>
          4-letter words are worth 1 point each.
        </p>
        <p>
          Longer words earn 1 point per letter.
        </p>
        <p>
          Each puzzle contains at least one pangram, which is a word using each letter at least once. These are worth an additional 7 points.
        </p>
      </div>
      <div
        class="px-2 pb-2 mt-4"
        data-testid="misc-section"
      >
        <p>
          Found words are saved allowing you to return to the game throughout the day.
        </p>
        <p>
          The game is reset with new letters each day at 8:00am GMT.
        </p>
      </div>
    </div>
  </div>
</div>
`;
