// Jest Snapshot v1, https://goo.gl/fbAQLP

exports[`ArrowIcon component matches snapshot 1`] = `
<button
  aria-label="Show found words"
  class="w-8 h-8 flex justify-center items-center self-start rounded-full hover:bg-gray-100 active:bg-gray-200"
  data-testid="arrow-icon"
  id="show-found-words"
>
  <div
    class="border-black border-r-2 border-b-2 h-3 w-3 self-end rotate-45 mb-3 "
  />
</button>
`;
