// Jest Snapshot v1, https://goo.gl/fbAQLP

exports[`Header component matches snapshot 1`] = `
<div
  class="md:p-4 flex flex-row md:justify-between w-full md:items-start justify-end "
  data-testid="header-div"
>
  <div
    class="hidden md:flex flex-col"
  >
    <div
      class="flex flex-row items-end"
    >
      <h1
        class="font-display font-bold text-4xl pr-4"
      >
        Spelling Bee
      </h1>
      <h2
        class="font-thin"
      >
        mockDate
         (Yesterday)
      </h2>
    </div>
    <div>
      <h2>
        Original NYT game edited by 
        mockEditor
      </h2>
      <h2>
        Replicated by Daniel Molloy
      </h2>
    </div>
  </div>
  <div
    class="flex flex-col items-end"
  >
    <button
      class="hover:bg-gray-100 active:bg-gray-200 text-2xl m-2 w-10 h-10 rounded-full flex items-center justify-center"
      data-testid="menu-icon"
    >
      <svg
        fill="currentColor"
        height="1em"
        stroke="currentColor"
        stroke-width="0"
        viewBox="0 0 512 512"
        width="1em"
        xmlns="http://www.w3.org/2000/svg"
      >
        <path
          d="M32 96v64h448V96H32zm0 128v64h448v-64H32zm0 128v64h448v-64H32z"
        />
      </svg>
    </button>
  </div>
</div>
`;
