// Jest Snapshot v1, https://goo.gl/fbAQLP

exports[` matches snapshot 1`] = `
<div
  class="mt-[7vh] h-[93vh] md:mt-[14vh] md:h-[86vh] z-40 shadow w-full backdrop-blur-sm absolute"
  data-testid="menu-page"
>
  <div
    class="mt-8 p-2 md:mx-24 lg:mx-60 shadow-md border flex flex-col  bg-white text-zinc-700 dark:bg-zinc-900 dark:text-zinc-300 dark:border dark:border-zinc-800"
  >
    <div
      data-testid="mock-children"
    />
  </div>
</div>
`;
