// Jest Snapshot v1, https://goo.gl/fbAQLP

exports[`<Encouragement matches snapshot 1`] = `
<div
  class="z-50 self-center absolute mt-20 h-12 flex flex-row items-center"
  data-testid="encouragement-div"
>
  <div
    class="message px-2 py-1 h-8 flex items-center bg-white border rounded"
  >
    <p>
      Hooray!
    </p>
  </div>
  <div
    class="points ml-2 flex items-center font-bold"
  >
    + 
    6
  </div>
</div>
`;
